================================================================
COCKPIT PROOF — demo_live.sh run-evidence (2026-08-08 20:26:05)
  mode: deterministic (tone caller)
================================================================
  pre-cleaned stale cockpit evidence (deterministic mode)
[1/5] launching cockpit…
[2/5] waiting for session + panes (≤180s)…
  ✓ session mvno-live up with 8 panes (t≈25s)
[3/5] sampling panes for startup markers…
  ✓ P1 live_tap daemon polling
  ✓ P0 caller pane active
  ✓ P2 capture pane active
  ✓ P3 kamailio logs
  ✓ P4 Vosk verdict watch
  ✓ P5 metrics watch
  ~ P6 receipts marker not visible yet
  ~ P7 evidence marker not visible yet
  ✓ pane markers: 6/8 core matched
[4/5] waiting for mid-call evidence (≤180s, REALTIME_AUDIO budget)…
  ✓ live-*.wav chunk: live-a8e6229cbe6b12c6-e43f829742c0b15b-10.89.0.60-0.wav
  ✓ archived transcript: mic_probe_1786209966.txt
  ✓ fresh pcap: a8e6229cbe6b12c6-e43f829742c0b15b.pcap
  ✓ tshark decoded 585 RTP frames (30000 range)
[5/5] teardown…
  ✓ session torn down
  ✓ baresip rigs removed
✅ COCKPIT PROOF PASS — evidence: docs/evidence/demo-cockpit-2026-08-08.log
