==== e2e runbook log: /home/zkhattab/AI-SpamFilter-PMN/MVNO/docs/evidence/e2e-run-2026-08-07.log ====
[0;36m==== GOAL 7 : End-to-End SMS Interworking (4-cell + AI-block) ====[0m
[0;36m==== Preflight ====[0m
[0;32m  ok  bridge /metrics reachable[0m
[0;32m  ok  mvno-api metrics reachable[0m
[0;36m==== Cell 1: 2G->2G  (15557778888 -> 15554443322, 2G SMSC direct) ====[0m
[0;32m  ok  delivered via 2G SMSC; bridge counters unchanged (2g5g=18,5g2g=15)[0m
[0;32m  ok  MS1 handset receipt in sms.txt (1x 'E2E 2G2G 090304')[0m
[0;36m==== Cell 2: 2G->5G  (15554443322 -> 15551234567, smsc.db poll -> SIP relay) ====[0m
[0;32m  ok  delivered 2G->5G via bridge+Kamailio (2g5g +1); terminal got 'E2E 2G5G 090304'[0m
[0;36m==== Cell 3: 5G->2G  (15551234567 -> 15554443322, bridge relay -> SMPP) ====[0m
[0;32m  ok  delivered 5G->2G via bridge+SMPP (5g2g +1); MS1 sms.txt has 'E2E 5G2G 090304'[0m
[0;36m==== Cell 4: 5G->5G  (15551234567 -> 15557654321, Kamailio twin relay) ====[0m
[0;32m  ok  relayed 5G->5G via Kamailio; terminal got 'E2E 5G5G 090304'; bridge untouched (2g5g=19,5g2g=16)[0m
[0;36m==== Cell 5: AI-BLOCK  (E2E-BLOCK marker -> 403, counter++, no delivery) ====[0m
[0;32m  ok  blocked by AI core (blocked 0->1, sender saw 403, receiver untouched, kamailio logged block)[0m

[0;32m==== E2E RUNBOOK: ALL CELLS PASS (8 ok) ====[0m
==== e2e runbook log: /home/zkhattab/AI-SpamFilter-PMN/MVNO/docs/evidence/e2e-run-2026-08-07.log ====
[0;36m==== GOAL 7 : End-to-End SMS Interworking (4-cell + AI-block) ====[0m
[0;36m==== Preflight ====[0m
[0;32m  ok  bridge /metrics reachable[0m
[0;32m  ok  mvno-api metrics reachable[0m
[0;36m==== Cell 1: 2G->2G  (15557778888 -> 15554443322, 2G SMSC direct) ====[0m
[0;32m  ok  delivered via 2G SMSC; bridge counters unchanged (2g5g=19,5g2g=16)[0m
[0;32m  ok  MS1 handset receipt in sms.txt (1x 'E2E 2G2G 165334')[0m
[0;36m==== Cell 2: 2G->5G  (15554443322 -> 15551234567, smsc.db poll -> SIP relay) ====[0m
[0;32m  ok  delivered 2G->5G via bridge+Kamailio (2g5g +1); terminal got 'E2E 2G5G 165334'[0m
[0;36m==== Cell 3: 5G->2G  (15551234567 -> 15554443322, bridge relay -> SMPP) ====[0m
[0;32m  ok  delivered 5G->2G via bridge+SMPP (5g2g +1); MS1 sms.txt has 'E2E 5G2G 165334'[0m
[0;36m==== Cell 4: 5G->5G  (15551234567 -> 15557654321, Kamailio twin relay) ====[0m
[0;32m  ok  relayed 5G->5G via Kamailio; terminal got 'E2E 5G5G 165334'; bridge untouched (2g5g=20,5g2g=17)[0m
[0;36m==== Cell 5: AI-BLOCK  (E2E-BLOCK marker -> 403, counter++, no delivery) ====[0m
[0;32m  ok  blocked by AI core (blocked 0->1, sender saw 403, receiver untouched, kamailio logged block)[0m

[0;32m==== E2E RUNBOOK: ALL CELLS PASS (8 ok) ====[0m
==== e2e runbook log: /home/zkhattab/AI-SpamFilter-PMN/MVNO/docs/evidence/e2e-run-2026-08-07.log ====
[0;36m==== GOAL 7 : End-to-End SMS Interworking (4-cell + AI-block) ====[0m
[0;36m==== Preflight ====[0m
[0;32m  ok  bridge /metrics reachable[0m
[0;32m  ok  mvno-api metrics reachable[0m
[0;36m==== Cell 1: 2G->2G  (15557778888 -> 15554443322, 2G SMSC direct) ====[0m
[0;32m  ok  delivered via 2G SMSC; bridge counters unchanged (2g5g=20,5g2g=18)[0m
[0;32m  ok  MS1 handset receipt in sms.txt (1x 'E2E 2G2G 173639')[0m
[0;36m==== Cell 2: 2G->5G  (15554443322 -> 15551234567, smsc.db poll -> SIP relay) ====[0m
[0;32m  ok  delivered 2G->5G via bridge+Kamailio (2g5g +1); terminal got 'E2E 2G5G 173639'[0m
[0;36m==== Cell 3: 5G->2G  (15551234567 -> 15554443322, bridge relay -> SMPP) ====[0m
[0;32m  ok  delivered 5G->2G via bridge+SMPP (5g2g +1); MS1 sms.txt has 'E2E 5G2G 173639'[0m
[0;36m==== Cell 4: 5G->5G  (15551234567 -> 15557654321, Kamailio twin relay) ====[0m
[0;32m  ok  relayed 5G->5G via Kamailio; terminal got 'E2E 5G5G 173639'; bridge untouched (2g5g=21,5g2g=19)[0m
[0;36m==== Cell 5: AI-BLOCK  (E2E-BLOCK marker -> 403, counter++, no delivery) ====[0m
[0;32m  ok  blocked by AI core (blocked 6->7, sender saw 403, receiver untouched, kamailio logged block)[0m

[0;32m==== E2E RUNBOOK: ALL CELLS PASS (8 ok) ====[0m
==== e2e runbook log: /home/zkhattab/AI-SpamFilter-PMN/MVNO/docs/evidence/e2e-run-2026-08-07.log ====
[0;36m==== GOAL 7 : End-to-End SMS Interworking (4-cell + AI-block) ====[0m
[0;36m==== Preflight ====[0m
[0;32m  ok  bridge /metrics reachable[0m
[0;32m  ok  mvno-api metrics reachable[0m
[0;36m==== Cell 1: 2G->2G  (15557778888 -> 15554443322, 2G SMSC direct) ====[0m
[0;32m  ok  delivered via 2G SMSC; bridge counters unchanged (2g5g=21,5g2g=19)[0m
[0;32m  ok  MS1 handset receipt in sms.txt (1x 'E2E 2G2G 211752')[0m
[0;36m==== Cell 2: 2G->5G  (15554443322 -> 15551234567, smsc.db poll -> SIP relay) ====[0m
[0;32m  ok  delivered 2G->5G via bridge+Kamailio (2g5g +1); terminal got 'E2E 2G5G 211752'[0m
[0;36m==== Cell 3: 5G->2G  (15551234567 -> 15554443322, bridge relay -> SMPP) ====[0m
[0;32m  ok  delivered 5G->2G via bridge+SMPP (5g2g +1); MS1 sms.txt has 'E2E 5G2G 211752'[0m
[0;36m==== Cell 4: 5G->5G  (15551234567 -> 15557654321, Kamailio twin relay) ====[0m
[0;32m  ok  relayed 5G->5G via Kamailio; terminal got 'E2E 5G5G 211752'; bridge untouched (2g5g=22,5g2g=20)[0m
[0;36m==== Cell 5: AI-BLOCK  (E2E-BLOCK marker -> 403, counter++, no delivery) ====[0m
[0;32m  ok  blocked by AI core (blocked 0->1, sender saw 403, receiver untouched, kamailio logged block)[0m

[0;32m==== E2E RUNBOOK: ALL CELLS PASS (8 ok) ====[0m
