[0;36m[1m========================================================================[0m
[0;36m[1m  🎓 MVNO 5G SA Core & Interception Gateway — Live Demo Runbook        [0m
[0;36m[1m========================================================================[0m

[1;33m[1/13] 🏥 Checking Gateway Actuator Health & Liveness Probes...[0m
[0;32m  ✓ Gateway Actuator health status = UP[0m
[1;33m[2/13] 📱 Auditing 5G SA Core UE Registration (UERANSIM ↔ AMF, live ran_ue gauge)...[0m
  ✓ Live AMF gauge ran_ue = 3 (3/3 UEs registered)
[0;32m✓ 5G SA Subscriber audit complete — 3/3 UEs Registered[0m

[1;33m[3/13] ⚡ Auditing Vector Container Log Aggregation (VRL JSON sink)...[0m
  ✓ 5 recent JSON event line(s) parsed by VRL
[0;32m  ✓ Vector VRL JSON log aggregation active[0m
[1;33m[4/13] 💳 Querying Subscriber Balance (E.164 MSISDN: 15551234567)...[0m
[0;32m  ✓ Subscriber 15551234567 balance = 100 credits[0m
[0;32m✓ Zero-trust enforced: no X-API-Key -> HTTP 401[0m

[1;33m[5/13] 📞 Simulating Authorized IMS VoIP Call Interception Flow (full RTP media dialog via RTPEngine)...[0m
scripts/testing/demo_runbook.sh: line 139: warning: command substitution: ignored null byte in input
[0;32m✓ 2G/IMS path: full RTP media dialog relayed through RTPEngine (+93740 bytes)[0m

[1;33m[5c/13] 🎙️ Verifying Call Recording Pipeline (pcap -> WAV -> Vosk ASR)...[0m
[0;32m✓ Recording pipeline proven: transcript archived at state/spool/archived/call-1786034015%40mvno-9b2dc9d559bb5156.txt[0m

[1;33m[5b/13] 📡 Simulating SIP over the 5G SA User Plane (UE tun → N3 GTP-U → UPF ogstun → Kamailio)...[0m
=== Registering Callee 15559998888 (via 10.89.0.23:5060) ===
[+] SIP REGISTER 200 OK for subscriber 15559998888
=== Sending Real SIP INVITE Call (digest-authenticated) ===
[+] SIP INVITE Response for 15551234567->15559998888: SIP/2.0 100 trying -- your call is important to us
[-] INVITE not answered with 200 OK (got: SIP/2.0 100 trying -- your call is important to us)
[0;32m✓ 5G SA path: SIP REGISTER + INVITE traversed the 5G user plane (ogstun TX +2817 bytes)[0m

[1;33m[6/13] 🚫 Testing Zero-Balance Call Block (SIP 407 Challenge → Digest → 403 Forbidden)...[0m
  ✓ SIP 407 Challenge Received: SIP/2.0 407 Proxy Authentication Required
  ✓ SIP Response Received: SIP/2.0 403 Call Intercepted / Blocked
[0;32m✓ Call Blocked at SIP Protocol Level (SIP/2.0 403 Forbidden Returned)[0m

[1;33m[7/13] 🛡️ Triggering EIR SIM-Swap Anomaly (>3 distinct SIMs on IMEI: 356938035643809)...[0m
  Attempt (15551234567): allow=False, reason=EIR: SIM swap detected
  Attempt (15559998888): allow=False, reason=EIR: SIM swap detected
  Attempt (15554443322): allow=False, reason=EIR: SIM swap detected
  Attempt (15553332211): allow=False, reason=EIR: SIM swap detected
  ✓ 4th distinct SIM blocked: {'allow': False, 'reason': 'EIR: SIM swap detected'}
[0;32m  ✓ EIR SIM-Swap fraud trigger verified (4 distinct SIMs on 1 IMEI)[0m
[1;33m[8/13] 💬 Simulating Authorized 5G SMS Interception Flow...[0m
  {"allow":true,"reason":"Clean content"}
  ✓ SMS allowed: allow=true
[0;32m  ✓ 5G SMS allowed & forwarded (allow=true)[0m
[1;33m[9/13] 🎙️ Demonstrating Native Vosk Java 21 Speech-to-Text ASR & Spool Archiving...[0m
  ✓ Simulated Call Audio Stream Generated: demo_call_1786034073.wav
  ✓ Native Vosk ASR Engine processed audio and moved file to: state/spool/archived/demo_call_1786034073.wav
[0;32m✓ Native Vosk Java 21 ASR Speech-to-Text Pipeline Proven[0m

[1;33m[9b/13] 🚨 Simulating Scam Call -> AI Blocked Verdict (speech -> Vosk -> TRANSCRIPT -> blocked)...[0m
[0;32m✓ Scam call blocked: mvno_vosk_blocked_total 15 -> 16[0m

[1;33m[10/13] 📨 Testing Binary SMPP 3.4 BIND_TRANSCEIVER PDU (Port 2775)...[0m
  SMPP PDU Response: CMD=0x80000009, Status=0x00000000 (ESME_ROK / SUCCESS)
[0;32m✓ SMPP 3.4 ESME Transceiver Bound Successfully[0m

[1;33m[10b/13] 📨 Submitting SMS via SMPP 3.4 SUBMIT_SM (Port 2775)...[0m
[0;32m✓ SMPP SUBMIT_SM accepted by OsmoSMSC (ESME_ROK)[0m
  (drained 1 pending demo SMS row(s) from smsc.db so the bridge does not retry them during a subsequent e2e run)

[1;33m[11/13] 📈 Querying VictoriaMetrics TSDB PromQL Telemetry...[0m
  ✓ PromQL Series Found: mvno_call_requests_total = 102 (Total Series: 1)
[0;32m  ✓ VictoriaMetrics TSDB telemetry value ≥ 1[0m
[1;33m[12/13] 📊 Verifying SOTA Grafana NOC Command Center Dashboard...[0m
  Grafana Dashboard URL: http://localhost:3000 (admin/admin)
[0;32m  ✓ Grafana NOC dashboard reachable (HTTP 200)[0m
[1;33m[13/13] 🎓 Overall Stack Graduation Readiness Verification...[0m
  ✓ Telemetry re-asserted live: mvno_call_requests_total = 102
[0;32m  ✓ Master telemetry gate re-asserted (value ≥ 1)[0m
[0;32m✓ All core telecom, signaling, interception, ASR, and observability flows verified live[0m

[0;36m[1m========================================================================[0m
[0;32m[1m  🎉 ALL 13 DEMO ITEMS PASSED (8 real assertions) — GRADUATION PROJECT DEMO READY![0m
[0;36m[1m========================================================================[0m
