================================================================
COCKPIT PROOF — demo_live.sh run-evidence (2026-08-08 23:26:49)
  mode: deterministic (tone caller)
================================================================
  pre-cleaned stale cockpit evidence (deterministic mode)
[1/5] launching cockpit…
[2/5] waiting for session + panes (≤180s)…
  ✓ session mvno-live up with 8 panes (t≈25s)
[3/5] sampling panes for startup markers…
  ✓ P1 live_tap daemon polling
  ✓ P0 caller pane active
  ✓ P2 capture pane active
  ✓ P3 kamailio logs
  ✓ P4 Vosk verdict watch
  ✓ P5 metrics watch
  ~ P6 receipts marker not visible yet
  ✓ P7 evidence watch
  ✓ pane markers: 7/8 core matched
[4/5] waiting for mid-call evidence (≤180s, REALTIME_AUDIO budget)…
  ✓ live-*.wav chunk: live-96a187e53458d53a-54bd7a6367d6a706-10.89.0.60-0.wav
  ✓ archived transcript: mic_probe_1786220810.txt
  ✓ fresh pcap: 96a187e53458d53a-54bd7a6367d6a706.pcap
  ✓ tshark decoded 509 RTP frames (30000 range)
[5/5] teardown…
  ✓ session torn down
  ✓ baresip rigs removed
✅ COCKPIT PROOF PASS — evidence: docs/evidence/demo-cockpit-2026-08-08.log
